Starting a Gradle Daemon, 1 incompatible Daemon could not be reused, use --status for details

> Configure project :app
WARNING: Using flatDir should be avoided because it doesn't support any meta-data formats.

> Configure project :capacitor-cordova-android-plugins
WARNING: Using flatDir should be avoided because it doesn't support any meta-data formats.

> Task :app:preBuild UP-TO-DATE
> Task :app:preDebugBuild UP-TO-DATE
> Task :app:mergeDebugNativeDebugMetadata NO-SOURCE
> Task :app:javaPreCompileDebug UP-TO-DATE
> Task :capacitor-android:preBuild UP-TO-DATE
> Task :capacitor-android:preDebugBuild UP-TO-DATE
> Task :capacitor-android:writeDebugAarMetadata UP-TO-DATE
> Task :capacitor-cordova-android-plugins:preBuild UP-TO-DATE
> Task :capacitor-cordova-android-plugins:preDebugBuild UP-TO-DATE
> Task :capacitor-cordova-android-plugins:writeDebugAarMetadata UP-TO-DATE
> Task :app:checkDebugAarMetadata UP-TO-DATE
> Task :capacitor-android:processDebugNavigationResources UP-TO-DATE
> Task :capacitor-cordova-android-plugins:processDebugNavigationResources UP-TO-DATE
> Task :app:processDebugNavigationResources UP-TO-DATE
> Task :app:compileDebugNavigationResources UP-TO-DATE
> Task :app:generateDebugResValues UP-TO-DATE
> Task :capacitor-android:generateDebugResValues UP-TO-DATE
> Task :capacitor-android:generateDebugResources UP-TO-DATE
> Task :capacitor-android:packageDebugResources UP-TO-DATE
> Task :capacitor-cordova-android-plugins:generateDebugResValues UP-TO-DATE
> Task :capacitor-cordova-android-plugins:generateDebugResources UP-TO-DATE
> Task :capacitor-cordova-android-plugins:packageDebugResources UP-TO-DATE
> Task :app:mapDebugSourceSetPaths UP-TO-DATE
> Task :app:generateDebugResources UP-TO-DATE
> Task :app:mergeDebugResources UP-TO-DATE
> Task :app:packageDebugResources UP-TO-DATE
> Task :app:parseDebugLocalResources UP-TO-DATE
> Task :app:createDebugCompatibleScreenManifests UP-TO-DATE
> Task :app:extractDeepLinksDebug UP-TO-DATE
> Task :capacitor-android:extractDeepLinksDebug UP-TO-DATE
> Task :capacitor-android:processDebugManifest UP-TO-DATE
> Task :capacitor-cordova-android-plugins:extractDeepLinksDebug UP-TO-DATE
> Task :capacitor-cordova-android-plugins:processDebugManifest UP-TO-DATE
> Task :app:processDebugMainManifest UP-TO-DATE
> Task :app:processDebugManifest UP-TO-DATE
> Task :app:processDebugManifestForPackage UP-TO-DATE
> Task :capacitor-android:compileDebugLibraryResources UP-TO-DATE
> Task :capacitor-android:parseDebugLocalResources UP-TO-DATE
> Task :capacitor-android:generateDebugRFile UP-TO-DATE
> Task :capacitor-cordova-android-plugins:compileDebugLibraryResources UP-TO-DATE
> Task :capacitor-cordova-android-plugins:parseDebugLocalResources UP-TO-DATE
> Task :capacitor-cordova-android-plugins:generateDebugRFile UP-TO-DATE
> Task :capacitor-android:javaPreCompileDebug UP-TO-DATE
> Task :app:processDebugResources FAILED

> Task :capacitor-android:compileDebugJavaWithJavac
gradle.bat : C:\Users\chenwei1\Documents\trae_projects\test\cockpit-h5\node_modules\@capacitor\android\capacitor\src\ma
in\java\com\getcapacitor\plugin\SystemBars.java:180: 错误: 找不到符号
At line:15 char:2825
+ ... rojects\test\cockpit-h5\android"; & gradle assembleDebug 2>&1 | Tee-O ...
+                                       ~~~~~~~~~~~~~~~~~~~~~~~~~~~
    + CategoryInfo          : NotSpecified: (C:\Users\chenwe...:180: 错误: 找不到符号:String) [], RemoteException
    + FullyQualifiedErrorId : NativeCommandError
 
            if (Build.VERSION.SDK_INT >= Build.VERSION_CODES.VANILLA_ICE_CREAM) {
                                                            ^
  符号:   变量 VANILLA_ICE_CREAM
  位置: 类 VERSION_CODES
C:\Users\chenwei1\Documents\trae_projects\test\cockpit-h5\node_modules\@capacitor\android\capacitor\src\main\java\com\g
etcapacitor\plugin\SystemBars.java:226: 错误: 找不到符号
            if (Build.VERSION.SDK_INT >= Build.VERSION_CODES.VANILLA_ICE_CREAM) {
                                                            ^
  符号:   变量 VANILLA_ICE_CREAM
  位置: 类 VERSION_CODES
注: 某些输入文件使用了未经检查或不安全的操作。
注: 有关详细信息, 请使用 -Xlint:unchecked 重新编译。
2 个错误

> Task :capacitor-android:compileDebugJavaWithJavac FAILED

[Incubating] Problems report is available at: file:///C:/Users/chenwei1/Documents/trae_projects/test/cockpit-h5/android/build/reports/problems/problems-report.html

FAILURE: Build completed with 2 failures.

1: Task failed with an exception.
-----------
* What went wrong:
Execution failed for task ':app:processDebugResources'.
> A failure occurred while executing com.android.build.gradle.internal.res.LinkApplicationAndroidResourcesTask$TaskActi
on
   > Android resource linking failed
     ERROR: C:\Users\chenwei1\Documents\trae_projects\test\cockpit-h5\android\app\src\main\AndroidManifest.xml:4:5-36:1
9: AAPT: error: resource style/AppTheme (aka com.zdauto.tourism.cockpit:style/AppTheme) not found.
         

* Try:
> Run with --stacktrace option to get the stack trace.
> Run with --info or --debug option to get more log output.
> Run with --scan to get full insights.
> Get more help at https://help.gradle.org.
==============================================================================

2: Task failed with an exception.
-----------
* What went wrong:
Execution failed for task ':capacitor-android:compileDebugJavaWithJavac'.
> Compilation failed; see the compiler output below.
  C:\Users\chenwei1\Documents\trae_projects\test\cockpit-h5\node_modules\@capacitor\android\capacitor\src\main\java\com
\getcapacitor\plugin\SystemBars.java:180: 错误: 找不到符号
              if (Build.VERSION.SDK_INT >= Build.VERSION_CODES.VANILLA_ICE_CREAM) {
                                                              ^
    符号:   变量 VANILLA_ICE_CREAM
    位置: 类 VERSION_CODES
  C:\Users\chenwei1\Documents\trae_projects\test\cockpit-h5\node_modules\@capacitor\android\capacitor\src\main\java\com
\getcapacitor\plugin\SystemBars.java:226: 错误: 找不到符号
              if (Build.VERSION.SDK_INT >= Build.VERSION_CODES.VANILLA_ICE_CREAM) {
                                                              ^
    符号:   变量 VANILLA_ICE_CREAM
    位置: 类 VERSION_CODES
  注: 有关详细信息, 请使用 -Xlint:unchecked 重新编译。
  注: 某些输入文件使用了未经检查或不安全的操作。
  2 个错误

* Try:
> Check your code and dependencies to fix the compilation error(s)
> Run with --scan to get full insights.
==============================================================================

BUILD FAILED in 53s
38 actionable tasks: 2 executed, 36 up-to-date
